Trigegr
